[0.000s 3MB] Version: 1.5-f46155a555d768a0eb30672e06605feeaa97336a
[0.000s 3MB] PDDL: BEGIN
[0.000s 3MB] PDDL: Cfg: force_adl = true
[0.000s 3MB] PDDL: Cfg: normalize = true
[0.000s 3MB] PDDL: Cfg: normalize_compile_away_dynamic_neg_cond = true
[0.000s 3MB] PDDL: Cfg: normalize_compile_away_only_goal_neg_cond = false
[0.000s 3MB] PDDL: Cfg: normalize_compile_away_all_neg_cond = false
[0.000s 3MB] PDDL: Cfg: normalize_compile_away_neg_cond_only_relevant_facts = true
[0.000s 3MB] PDDL: Cfg: remove_empty_types = true
[0.000s 3MB] PDDL: Cfg: compile_away_cond_eff = false
[0.000s 3MB] PDDL: Cfg: compile_away_disjunctive_goals = false
[0.000s 3MB] PDDL: Cfg: enforce_unit_cost = false
[0.000s 3MB] PDDL: Cfg: keep_all_actions = false
[0.000s 3MB] PDDL: Processing ../pddl-data/ipc-opt-noce/truck26/domain.pddl and ../pddl-data/ipc-opt-noce/truck26/2_trucks_3_locs.pddl.
[0.000s 3MB] PDDL: Parse Domain: BEGIN
[0.000s 3MB] PDDL: Parse Domain: Parsing domain file ../pddl-data/ipc-opt-noce/truck26/domain.pddl
[0.000s 3MB] PDDL: Parse Domain: TOK: BEGIN
[0.001s 3MB] PDDL: Parse Domain: TOK: mmaped 1435 bytes from file /home/wefjyl/vsc_projects/pddl-data/ipc-opt-noce/truck26/domain.pddl
[0.001s 3MB] PDDL: Parse Domain: TOK: File /home/wefjyl/vsc_projects/pddl-data/ipc-opt-noce/truck26/domain.pddl tokenized. tokens: 221, strings: 38
[0.001s 3MB] PDDL: Parse Domain: TOK: END elapsed time: 0.001
[0.001s 3MB] PDDL: Parse Domain: Parsing domain...
[0.001s 3MB] PDDL: Parse Domain: Parsing :requirements...
[0.001s 3MB] PDDL: Parse Domain: Parsing :types...
[0.001s 3MB] PDDL: Parse Domain: Parsing :constants...
[0.001s 3MB] PDDL: Parse Domain: Missing (:constants ...) section.
[0.001s 3MB] PDDL: Parse Domain: Parsing :predicates...
[0.001s 3MB] PDDL: Parse Domain: Parsing :functions...
[0.001s 3MB] PDDL: Parse Domain: Parsing actions...
[0.001s 3MB] PDDL: Parse Domain: Parsed 3 :action sections
[0.001s 3MB] PDDL: Parse Domain: Parsing axioms...
[0.001s 3MB] PDDL: Parse Domain: Parsed 0 :derived sections
[0.001s 3MB] PDDL: Parse Domain: END elapsed time: 0.001
[0.001s 3MB] PDDL: Parse Problem: BEGIN
[0.001s 3MB] PDDL: Parse Problem: Parsing problem file ../pddl-data/ipc-opt-noce/truck26/2_trucks_3_locs.pddl
[0.001s 3MB] PDDL: Parse Problem: TOK: BEGIN
[0.002s 3MB] PDDL: Parse Problem: TOK: mmaped 409 bytes from file /home/wefjyl/vsc_projects/pddl-data/ipc-opt-noce/truck26/2_trucks_3_locs.pddl
[0.002s 3MB] PDDL: Parse Problem: TOK: File /home/wefjyl/vsc_projects/pddl-data/ipc-opt-noce/truck26/2_trucks_3_locs.pddl tokenized. tokens: 93, strings: 23
[0.002s 3MB] PDDL: Parse Problem: TOK: END elapsed time: 0.000
[0.002s 3MB] PDDL: Parse Problem: Parsing problem...
[0.002s 3MB] PDDL: Parse Problem: Parsing :domain...
[0.002s 3MB] PDDL: Parse Problem: Parsing :objects...
[0.002s 3MB] PDDL: Parse Problem: Parsing :init...
[0.002s 3MB] PDDL: Parse Problem: Parsing :goal...
[0.002s 3MB] PDDL: Parse Problem: Parsing :metric...
[0.002s 3MB] PDDL: Parse Problem: Missing (:metric ...) section.
[0.002s 3MB] PDDL: Parse Problem: END elapsed time: 0.001
[0.002s 3MB] PDDL: PDDL-Norm: BEGIN
[0.002s 3MB] PDDL: PDDL-Norm: Before normalization: types: 5, objects: 6, predicates: 5, functions: 1, actions: 3, action-pre-size: [min: 2, max: 2, avg: 2.33, med: 3.00]
[0.002s 3MB] PDDL: PDDL-Norm: Removed actions with unsatisfiable parameters: types: 5, objects: 6, predicates: 5, functions: 1, actions: 3, action-pre-size: [min: 2, max: 2, avg: 2.33, med: 3.00]
[0.002s 3MB] PDDL: PDDL-Norm: Actions normalized: types: 5, objects: 6, predicates: 5, functions: 1, actions: 3, action-pre-size: [min: 2, max: 2, avg: 2.33, med: 3.00]
[0.002s 3MB] PDDL: PDDL-Norm: Actions split: types: 5, objects: 6, predicates: 5, functions: 1, actions: 3, action-pre-size: [min: 2, max: 2, avg: 2.33, med: 3.00]
[0.002s 3MB] PDDL: PDDL-Norm: Neg-Cond: BEGIN
[0.002s 3MB] PDDL: PDDL-Norm: Neg-Cond: Cfg: only_dynamic: true
[0.002s 3MB] PDDL: PDDL-Norm: Neg-Cond: Cfg: only_goal: false
[0.002s 3MB] PDDL: PDDL-Norm: Neg-Cond: Cfg: only_relevant_facts_in_init: true
[0.002s 3MB] PDDL: PDDL-Norm: Neg-Cond: No negative conditions.
[0.002s 3MB] PDDL: PDDL-Norm: Neg-Cond: END elapsed time: 0.000
[0.002s 3MB] PDDL: PDDL-Norm: Detected irrelevant function: total-cost
[0.002s 3MB] PDDL: PDDL-Norm: Removed irrelevant/unreachable predicates/functions/actions: types: 5, objects: 6, predicates: 5, functions: 0, actions: 3, action-pre-size: [min: 2, max: 2, avg: 2.33, med: 3.00]
[0.002s 3MB] PDDL: PDDL-Norm: Actions normalized: types: 5, objects: 6, predicates: 5, functions: 0, actions: 3, action-pre-size: [min: 2, max: 2, avg: 2.33, med: 3.00]
[0.002s 3MB] PDDL: PDDL-Norm: PDDL task normalized. types: 5, objects: 6, predicates: 5, functions: 0, actions: 3, action-pre-size: [min: 2, max: 2, avg: 2.33, med: 3.00]
[0.002s 3MB] PDDL: PDDL-Norm: END elapsed time: 0.000
[0.002s 3MB] PDDL: PDDL rm empty-types: BEGIN
[0.002s 3MB] PDDL: PDDL rm empty-types: Removed 0 empty types
[0.002s 3MB] PDDL: PDDL rm empty-types: END elapsed time: 0.000
[0.002s 3MB] PDDL: PDDL-Norm: BEGIN
[0.002s 3MB] PDDL: PDDL-Norm: Before normalization: types: 5, objects: 6, predicates: 5, functions: 0, actions: 3, action-pre-size: [min: 2, max: 2, avg: 2.33, med: 3.00]
[0.002s 3MB] PDDL: PDDL-Norm: Removed actions with unsatisfiable parameters: types: 5, objects: 6, predicates: 5, functions: 0, actions: 3, action-pre-size: [min: 2, max: 2, avg: 2.33, med: 3.00]
[0.002s 3MB] PDDL: PDDL-Norm: Actions normalized: types: 5, objects: 6, predicates: 5, functions: 0, actions: 3, action-pre-size: [min: 2, max: 2, avg: 2.33, med: 3.00]
[0.002s 3MB] PDDL: PDDL-Norm: Actions split: types: 5, objects: 6, predicates: 5, functions: 0, actions: 3, action-pre-size: [min: 2, max: 2, avg: 2.33, med: 3.00]
[0.002s 3MB] PDDL: PDDL-Norm: Neg-Cond: BEGIN
[0.002s 3MB] PDDL: PDDL-Norm: Neg-Cond: Cfg: only_dynamic: true
[0.002s 3MB] PDDL: PDDL-Norm: Neg-Cond: Cfg: only_goal: false
[0.002s 3MB] PDDL: PDDL-Norm: Neg-Cond: Cfg: only_relevant_facts_in_init: true
[0.002s 3MB] PDDL: PDDL-Norm: Neg-Cond: No negative conditions.
[0.002s 3MB] PDDL: PDDL-Norm: Neg-Cond: END elapsed time: 0.000
[0.002s 3MB] PDDL: PDDL-Norm: Removed irrelevant/unreachable predicates/functions/actions: types: 5, objects: 6, predicates: 5, functions: 0, actions: 3, action-pre-size: [min: 2, max: 2, avg: 2.33, med: 3.00]
[0.002s 3MB] PDDL: PDDL-Norm: PDDL task normalized. types: 5, objects: 6, predicates: 5, functions: 0, actions: 3, action-pre-size: [min: 2, max: 2, avg: 2.33, med: 3.00]
[0.002s 3MB] PDDL: PDDL-Norm: END elapsed time: 0.000
[0.002s 3MB] PDDL: Number of PDDL Types: 5
[0.002s 3MB] PDDL: Number of PDDL Objects: 6
[0.002s 3MB] PDDL: Number of PDDL Predicates: 5
[0.002s 3MB] PDDL: Number of PDDL Functions: 0
[0.002s 3MB] PDDL: Number of PDDL Actions: 3
[0.002s 3MB] PDDL: PDDL Metric: false
[0.002s 3MB] PDDL: END elapsed time: 0.002
[0.002s 3MB] LMG: BEGIN
[0.002s 3MB] LMG: Cfg: max_candidates = 10000
[0.002s 3MB] LMG: Cfg: max_mgroups = 10000
[0.002s 3MB] LMG: Cfg: fd = false
[0.002s 3MB] LMG: Cfg: fd_monotonicity = false
[0.002s 3MB] LMG: LMG-FAM-Group: BEGIN
[0.002s 3MB] LMG: LMG-FAM-Group: limit.max_candidates = 10000
[0.002s 3MB] LMG: LMG-FAM-Group: limit.max_mgroups = 10000
[0.002s 3MB] LMG: LMG-FAM-Group: Inference of lifted fam-groups ...
[0.002s 3MB] LMG: LMG-FAM-Group:   3 initial candidates.
[0.003s 3MB] LMG: LMG-FAM-Group: Tested candidates: 31, Num candidates: 31, Proved: 10
[0.003s 3MB] LMG: LMG-FAM-Group: Inference of lifted fam-groups done. Found mutex groups: 3
[0.003s 3MB] LMG: LMG-FAM-Group: END elapsed time: 0.001
[0.003s 3MB] LMG: LMG-Set-Exactly-One: BEGIN
[0.003s 3MB] LMG: LMG-Set-Exactly-One: Looking for exactly-one lifted mgroups ...
[0.003s 3MB] LMG: LMG-Set-Exactly-One: Found 3 exactly-one lifted mgroups.
[0.003s 3MB] LMG: LMG-Set-Exactly-One: END elapsed time: 0.000
[0.003s 3MB] LMG: LMG-Set-Static: BEGIN
[0.003s 3MB] LMG: LMG-Set-Static: Looking for static lifted mgroups ...
[0.003s 3MB] LMG: LMG-Set-Static: Found 0 static lifted mgroups.
[0.003s 3MB] LMG: LMG-Set-Static: END elapsed time: 0.000
[0.003s 3MB] LMG: END elapsed time: 0.001
[0.003s 3MB] Lifted endomorphisms disabled
[0.003s 3MB] GR: BEGIN
[0.003s 3MB] GR: Cfg: method = datalog
[0.003s 3MB] GR: Cfg: lifted_mgroups->mgroup_size = 3
[0.003s 3MB] GR: Cfg: prune_op_pre_mutex = true
[0.003s 3MB] GR: Cfg: prune_op_dead_end = true
[0.003s 3MB] GR: Cfg: remove_static_facts = true
[0.003s 3MB] GR: Cfg: keep_action_args = false
[0.003s 3MB] GR: Cfg: keep_all_static_facts = false
[0.003s 3MB] GR: Cfg: ground_only_facts = false
[0.003s 3MB] GR: Cfg: gringo_lpopt = (null)
[0.003s 3MB] GR: Ground DL: BEGIN
[0.003s 3MB] GR: Ground DL: Cfg: method = datalog
[0.003s 3MB] GR: Ground DL: Cfg: lifted_mgroups->mgroup_size = 3
[0.003s 3MB] GR: Ground DL: Cfg: prune_op_pre_mutex = true
[0.003s 3MB] GR: Ground DL: Cfg: prune_op_dead_end = true
[0.003s 3MB] GR: Ground DL: Cfg: remove_static_facts = true
[0.003s 3MB] GR: Ground DL: Cfg: keep_action_args = false
[0.003s 3MB] GR: Ground DL: Cfg: keep_all_static_facts = false
[0.003s 3MB] GR: Ground DL: Cfg: ground_only_facts = false
[0.003s 3MB] GR: Ground DL: Cfg: gringo_lpopt = (null)
[0.003s 3MB] GR: Ground DL: Grounding using datalog ...
[0.003s 3MB] GR: Ground DL: DL Normal form: BEGIN
[0.003s 3MB] GR: Ground DL: DL Normal form: Normal form of the datalog program start (consts: 6, vars: 3, predicates: 10, rules: 25)
[0.003s 3MB] GR: Ground DL: DL Normal form: reduce-rule-set: Nothing to reduce
[0.003s 3MB] GR: Ground DL: DL Normal form: Normal form of the datalog program DONE (consts: 6, vars: 3, predicates: 13, rules: 28)
[0.003s 3MB] GR: Ground DL: DL Normal form: END elapsed time: 0.000
[0.003s 3MB] GR: Ground DL: DL Canonical Model: BEGIN
[0.003s 3MB] GR: Ground DL: DL Canonical Model: start (consts: 6, vars: 3, predicates: 13, rules: 28)
[0.003s 3MB] GR: Ground DL: DL Canonical Model: Added initial facts: 18
[0.003s 3MB] GR: Ground DL: DL Canonical Model: DONE (facts: 61, db-mem: 0MB)
[0.003s 3MB] GR: Ground DL: DL Canonical Model: END elapsed time: 0.000
[0.003s 3MB] GR: Ground DL: Grounding finished: 20 actions, 13 facts, 4 static facts, 0 functions
[0.003s 3MB] GR: Ground DL: Strips Maker: BEGIN
[0.003s 3MB] GR: Ground DL: Strips Maker: Created 13 STRIPS facts
[0.003s 3MB] GR: Ground DL: Strips Maker: Created init state consisting of 5 facts
[0.003s 3MB] GR: Ground DL: Strips Maker: Goal created consisting of 3 facts
[0.003s 3MB] GR: Ground DL: Strips Maker: Operators sorted.
[0.003s 3MB] GR: Ground DL: Strips Maker: Created 20 operators
[0.003s 3MB] GR: Ground DL: Strips Maker: Found 0 static facts
[0.003s 3MB] GR: Ground DL: Strips Maker: Merged conditional effects where possible.
[0.003s 3MB] GR: Ground DL: Strips Maker: Operators deduplicated. Num operators: 20
[0.004s 3MB] GR: Ground DL: Strips Maker: Number of Strips Operators: 20
[0.004s 3MB] GR: Ground DL: Strips Maker: Number of Strips Facts: 13
[0.004s 3MB] GR: Ground DL: Strips Maker: Number of Strips Operators with Conditional Effects: 0
[0.004s 3MB] GR: Ground DL: Strips Maker: Goal is unreachable: 0
[0.004s 3MB] GR: Ground DL: Strips Maker: Has Conditional Effects: 0
[0.004s 3MB] GR: Ground DL: Strips Maker: PDDL grounded to STRIPS.
[0.004s 3MB] GR: Ground DL: Strips Maker: END elapsed time: 0.000
[0.004s 3MB] GR: Ground DL: Grounding finished.
[0.004s 3MB] GR: Ground DL: Number of Strips Operators: 20
[0.004s 3MB] GR: Ground DL: Number of Strips Facts: 13
[0.004s 3MB] GR: Ground DL: Goal is unreachable: 0
[0.004s 3MB] GR: Ground DL: Has Conditional Effects: 0
[0.004s 3MB] GR: Ground DL: Number of Strips Operators with Conditional Effects: 0
[0.004s 3MB] GR: Ground DL: END elapsed time: 0.001
[0.004s 3MB] GR: END elapsed time: 0.001
[0.004s 3MB] Ground LMG: BEGIN
[0.004s 3MB] Ground LMG: Grounding of lifted mutex groups ...
[0.004s 3MB] Ground LMG: Found 5 mutex groups
[0.004s 3MB] Ground LMG: Found 18 mutex pairs
[0.004s 3MB] Ground LMG: END elapsed time: 0.000
[0.004s 3MB] Inference of mutex groups disabled.
[0.004s 3MB] STRIPS-P: BEGIN
[0.004s 3MB] STRIPS-P: Removed 0 facts, 0 operators
[0.004s 3MB] STRIPS-P: Number of Strips Operators: 20
[0.004s 3MB] STRIPS-P: Number of Strips Facts: 13
[0.004s 3MB] STRIPS-P: Goal is unreachable: 0
[0.004s 3MB] STRIPS-P: Has Conditional Effects: 0
[0.004s 3MB] STRIPS-P: Number of Strips Operators with Conditional Effects: 0
[0.004s 3MB] STRIPS-P: END elapsed time: 0.000
[0.004s 3MB] FDR: BEGIN
[0.004s 3MB] FDR: Cfg: var: alg = largest-first
[0.004s 3MB] FDR: Cfg: var: ignore_negated_facts = false
[0.004s 3MB] FDR: Cfg: set_none_of_those_in_pre = false
[0.004s 3MB] FDR: Created 5 variables.
[0.004s 3MB] FDR: Created 15 facts.
[0.004s 3MB] FDR: Created 2 none-of-those values.
[0.004s 3MB] FDR: Created initial state.
[0.004s 3MB] FDR: Created goal specification.
[0.004s 3MB] FDR: Created 20 operators
[0.004s 3MB] FDR: Created 0 operators with conditional effects
[0.004s 3MB] FDR: Translation took 0.00 seconds
[0.004s 3MB] FDR: END elapsed time: 0.000
[0.004s 3MB] FDR variables reordered using causal graph.
[0.004s 3MB] GPLAN: BEGIN
[0.004s 3MB] GPLAN: Heuristic: h1
[0.004s 3MB] GPLAN: Search: astar
[0.004s 3MB] GPLAN: State pool created. bytes per state: 4
[0.004s 3MB] GPLAN: State space created. bytes per state node: 12
[0.004s 3MB] GPLAN: A*: Heuristic value for the initial state: 3
[0.004s 4MB] GPLAN: A*: Found goal state. g: 5, f: 5, h: 0
[0.004s 4MB] GPLAN: Search steps: 11, expand: 10, expand-blfl: 8, eval: 24, gen: 24, open: 13, closed: 11, reopen: 0, de: 0, de-blfl: 0, f: 5
[0.004s 4MB] GPLAN: Plan found.
[0.004s 4MB] GPLAN: Plan Cost: 5
[0.004s 4MB] GPLAN: Plan Length: 5
[0.013s 4MB] GPLAN: Overall Elapsed Time: 0.0192s
